<?xml version="1.0"?>
<testsuites>
  <testsuite name="Chrome 31.0.1650 (Windows 7)" package="" timestamp="2014-01-05T21:08:01" id="0" hostname="PLKRK-L-R9HZHAD" tests="24" errors="0" failures="0" time="0.015">
    <properties>
      <property name="browser.fullName" value="Mozilla/5.0 (Windows NT 6.1; WOW64) AppleWebKit/537.36 (KHTML, like Gecko) Chrome/31.0.1650.63 Safari/537.36"/>
    </properties>
    <testcase name="should start execution when all files loaded and pass config" time="0" classname="Chrome 31.0.1650 (Windows 7).Karma"/>
    <testcase name="should open a new window when useIFrame is false" time="0" classname="Chrome 31.0.1650 (Windows 7).Karma"/>
    <testcase name="should remove reference to start even after syntax error" time="0" classname="Chrome 31.0.1650 (Windows 7).Karma"/>
    <testcase name="should not set up context if there was an error" time="0" classname="Chrome 31.0.1650 (Windows 7).Karma"/>
    <testcase name="should report navigator name" time="0" classname="Chrome 31.0.1650 (Windows 7).Karma"/>
    <testcase name="should report browser id" time="0" classname="Chrome 31.0.1650 (Windows 7).Karma"/>
    <testcase name="should buffer results when polling" time="0" classname="Chrome 31.0.1650 (Windows 7).Karma result"/>
    <testcase name="should buffer results when polling" time="0" classname="Chrome 31.0.1650 (Windows 7).Karma result"/>
    <testcase name="should emit &quot;start&quot; with total specs count first" time="0" classname="Chrome 31.0.1650 (Windows 7).Karma result"/>
    <testcase name="should not emit &quot;start&quot; if already done by the adapter" time="0" classname="Chrome 31.0.1650 (Windows 7).Karma result"/>
    <testcase name="should capture alert" time="0" classname="Chrome 31.0.1650 (Windows 7).Karma setupContext"/>
    <testcase name="should be getter/setter" time="0" classname="Chrome 31.0.1650 (Windows 7).Karma store"/>
    <testcase name="should clone arrays to avoid memory leaks" time="0" classname="Chrome 31.0.1650 (Windows 7).Karma store"/>
    <testcase name="should clean the result buffer before completing" time="0" classname="Chrome 31.0.1650 (Windows 7).Karma complete"/>
    <testcase name="should navigate the client to return_url if specified" time="0" classname="Chrome 31.0.1650 (Windows 7).Karma complete"/>
    <testcase name="should patch the console if captureConsole is true" time="0" classname="Chrome 31.0.1650 (Windows 7).Karma complete"/>
    <testcase name="should not patch the console if captureConsole is false" time="0" classname="Chrome 31.0.1650 (Windows 7).Karma complete"/>
    <testcase name="should serialize string" time="0" classname="Chrome 31.0.1650 (Windows 7).stringify"/>
    <testcase name="should serialize booleans" time="0" classname="Chrome 31.0.1650 (Windows 7).stringify"/>
    <testcase name="should serialize null and undefined" time="0" classname="Chrome 31.0.1650 (Windows 7).stringify"/>
    <testcase name="should serialize functions" time="0" classname="Chrome 31.0.1650 (Windows 7).stringify"/>
    <testcase name="should serialize arrays" time="0" classname="Chrome 31.0.1650 (Windows 7).stringify"/>
    <testcase name="should serialize html" time="0" classname="Chrome 31.0.1650 (Windows 7).stringify"/>
    <testcase name="should serialize across iframes" time="0.015" classname="Chrome 31.0.1650 (Windows 7).stringify"/>
    <system-out><![CDATA[
]]></system-out>
    <system-err/>
  </testsuite>
</testsuites>
